#-----------------------------------------------------------
# Vivado v2020.1 (64-bit)
# SW Build 2902540 on Wed May 27 19:54:49 MDT 2020
# IP Build 2902112 on Wed May 27 22:43:36 MDT 2020
# Start of session at: Wed Sep 13 04:38:09 2023
# Process ID: 24484
# Current directory: C:/Users/ASUS/OneDrive - engug.ruh.ac.lk/University/SEMESTER6/Syn/Processor/verilogProcessorV5/verilogProcessorV2
# Command line: vivado.exe -gui_launcher_event rodinguilauncherevent21460 C:\Users\ASUS\OneDrive - engug.ruh.ac.lk\University\SEMESTER6\Syn\Processor\verilogProcessorV5\verilogProcessorV2\verilogProcessorV2.xpr
# Log file: C:/Users/ASUS/OneDrive - engug.ruh.ac.lk/University/SEMESTER6/Syn/Processor/verilogProcessorV5/verilogProcessorV2/vivado.log
# Journal file: C:/Users/ASUS/OneDrive - engug.ruh.ac.lk/University/SEMESTER6/Syn/Processor/verilogProcessorV5/verilogProcessorV2\vivado.jou
#-----------------------------------------------------------
start_gui
open_project {C:/Users/ASUS/OneDrive - engug.ruh.ac.lk/University/SEMESTER6/Syn/Processor/verilogProcessorV5/verilogProcessorV2/verilogProcessorV2.xpr}
update_compile_order -fileset sources_1
launch_simulation
open_wave_config {C:/Users/ASUS/OneDrive - engug.ruh.ac.lk/University/SEMESTER6/Syn/Processor/verilogProcessorV5/verilogProcessorV2/testbench_behav.wcfg}
source testbench.tcl
relaunch_sim
relaunch_sim
relaunch_sim
relaunch_sim
relaunch_sim
relaunch_sim
save_wave_config {C:/Users/ASUS/OneDrive - engug.ruh.ac.lk/University/SEMESTER6/Syn/Processor/verilogProcessorV5/verilogProcessorV2/testbench_behav.wcfg}
close_sim
